=== scenario: s1-healthy-no-proxy
=== when: 2026-10-07T16:02:38Z
=== product: /home/matt/.no-mistakes/worktrees/62c0a9471fe0/01M4BFZH3G7J8QYS8V515S9SC1/bin/fm-contributions.sh
=== proxy rules: <none>
=== budget: 20s, polls: 1

$ before:
delivery: {"checked_at":"2026-01-01T00:00:00Z","error":null,"fresh_head":"e032f755e72ef9771458ae0064ef215900062c3a","state":"open"}
$ poll 1/1 rc=0 elapsed=2s
--- poll 1 stdout/stderr (verbatim):
--- records after poll 1:
delivery: {"checked_at":"2026-07-15T12:00:00Z","error":null,"fresh_head":"e032f755e72ef9771458ae0064ef215900062c3a","state":"open"}
--- wake queue:
(empty)
=== end scenario: s1-healthy-no-proxy

=== scenario: s1b-healthy-passthrough
=== when: 2026-10-07T16:02:40Z
=== product: /home/matt/.no-mistakes/worktrees/62c0a9471fe0/01M4BFZH3G7J8QYS8V515S9SC1/bin/fm-contributions.sh
=== proxy rules: 1:delay:0
=== budget: 20s, polls: 1

$ before:
delivery: {"checked_at":"2026-01-01T00:00:00Z","error":null,"fresh_head":"e032f755e72ef9771458ae0064ef215900062c3a","state":"open"}
$ proxy on 127.0.0.1:18961
$ poll 1/1 rc=0 elapsed=2s
--- poll 1 stdout/stderr (verbatim):
--- records after poll 1:
delivery: {"checked_at":"2026-07-15T12:00:00Z","error":null,"fresh_head":"e032f755e72ef9771458ae0064ef215900062c3a","state":"open"}
--- forge connection log (proxy-18961.log):
12:02:40 proxy listening on 127.0.0.1:18961
12:02:41 #1 api.github.com:443 DELAY 0s begin
12:02:41 #1 api.github.com:443 DELAY 0s end
12:02:41 #1 api.github.com:443 TUNNEL
12:02:42 #1 api.github.com:443 CLOSE
12:02:42 #3 api.github.com:443 TUNNEL
12:02:42 #6 api.github.com:443 TUNNEL
12:02:42 #7 api.github.com:443 TUNNEL
12:02:42 #4 api.github.com:443 TUNNEL
12:02:42 #5 api.github.com:443 TUNNEL
12:02:42 #2 api.github.com:443 TUNNEL
12:02:42 #3 api.github.com:443 CLOSE
12:02:42 #7 api.github.com:443 CLOSE
12:02:42 #4 api.github.com:443 CLOSE
12:02:42 #2 api.github.com:443 CLOSE
12:02:42 #6 api.github.com:443 CLOSE
12:02:42 #5 api.github.com:443 CLOSE
12:02:42 #8 api.github.com:443 TUNNEL
12:02:43 #8 api.github.com:443 CLOSE
--- wake queue:
(empty)
=== end scenario: s1b-healthy-passthrough

=== scenario: s2-spike-7s-core
=== when: 2026-10-07T16:02:43Z
=== product: /home/matt/.no-mistakes/worktrees/62c0a9471fe0/01M4BFZH3G7J8QYS8V515S9SC1/bin/fm-contributions.sh
=== proxy rules: 1:delay:7
=== budget: 20s, polls: 1

$ before:
delivery: {"checked_at":"2026-01-01T00:00:00Z","error":null,"fresh_head":"e032f755e72ef9771458ae0064ef215900062c3a","state":"open"}
$ proxy on 127.0.0.1:18962
$ poll 1/1 rc=0 elapsed=9s
--- poll 1 stdout/stderr (verbatim):
--- records after poll 1:
delivery: {"checked_at":"2026-07-15T12:00:00Z","error":null,"fresh_head":"e032f755e72ef9771458ae0064ef215900062c3a","state":"open"}
--- forge connection log (proxy-18962.log):
12:02:43 proxy listening on 127.0.0.1:18962
12:02:43 #1 api.github.com:443 DELAY 7s begin
12:02:50 #1 api.github.com:443 DELAY 7s end
12:02:50 #1 api.github.com:443 TUNNEL
12:02:51 #1 api.github.com:443 CLOSE
12:02:51 #3 api.github.com:443 TUNNEL
12:02:51 #2 api.github.com:443 TUNNEL
12:02:51 #5 api.github.com:443 TUNNEL
12:02:51 #4 api.github.com:443 TUNNEL
12:02:51 #7 api.github.com:443 TUNNEL
12:02:51 #6 api.github.com:443 TUNNEL
12:02:52 #4 api.github.com:443 CLOSE
12:02:52 #3 api.github.com:443 CLOSE
12:02:52 #7 api.github.com:443 CLOSE
12:02:52 #2 api.github.com:443 CLOSE
12:02:52 #6 api.github.com:443 CLOSE
12:02:52 #5 api.github.com:443 CLOSE
12:02:52 #8 api.github.com:443 TUNNEL
12:02:52 #8 api.github.com:443 CLOSE
--- wake queue:
(empty)
=== end scenario: s2-spike-7s-core

=== scenario: s3-beyond-10s-bound
=== when: 2026-10-07T16:02:52Z
=== product: /home/matt/.no-mistakes/worktrees/62c0a9471fe0/01M4BFZH3G7J8QYS8V515S9SC1/bin/fm-contributions.sh
=== proxy rules: 1:delay:14
=== budget: 20s, polls: 1

$ before:
delivery: {"checked_at":"2026-01-01T00:00:00Z","error":null,"fresh_head":"e032f755e72ef9771458ae0064ef215900062c3a","state":"open"}
$ proxy on 127.0.0.1:18963
$ poll 1/1 rc=0 elapsed=10s
--- poll 1 stdout/stderr (verbatim):
--- records after poll 1:
delivery: {"checked_at":"2026-01-01T00:00:00Z","error":null,"fresh_head":"e032f755e72ef9771458ae0064ef215900062c3a","state":"open"}
--- forge connection log (proxy-18963.log):
12:02:52 proxy listening on 127.0.0.1:18963
12:02:52 #1 api.github.com:443 DELAY 14s begin
--- wake queue:
(empty)
=== end scenario: s3-beyond-10s-bound

=== scenario: s4-single-502-retried-heals
=== when: 2026-10-07T16:03:02Z
=== product: /home/matt/.no-mistakes/worktrees/62c0a9471fe0/01M4BFZH3G7J8QYS8V515S9SC1/bin/fm-contributions.sh
=== proxy rules: 1:fail
=== budget: 20s, polls: 1

$ before:
delivery: {"checked_at":"2026-01-01T00:00:00Z","error":null,"fresh_head":"e032f755e72ef9771458ae0064ef215900062c3a","state":"open"}
$ proxy on 127.0.0.1:18964
$ poll 1/1 rc=0 elapsed=2s
--- poll 1 stdout/stderr (verbatim):
--- records after poll 1:
delivery: {"checked_at":"2026-07-15T12:00:00Z","error":null,"fresh_head":"e032f755e72ef9771458ae0064ef215900062c3a","state":"open"}
--- forge connection log (proxy-18964.log):
12:03:02 proxy listening on 127.0.0.1:18964
12:03:03 #1 api.github.com:443 FAIL (CONNECT 502)
12:03:03 #2 api.github.com:443 TUNNEL
12:03:04 #2 api.github.com:443 CLOSE
12:03:04 #8 api.github.com:443 TUNNEL
12:03:04 #3 api.github.com:443 TUNNEL
12:03:04 #6 api.github.com:443 TUNNEL
12:03:04 #4 api.github.com:443 TUNNEL
12:03:04 #5 api.github.com:443 TUNNEL
12:03:04 #7 api.github.com:443 TUNNEL
12:03:04 #6 api.github.com:443 CLOSE
12:03:04 #5 api.github.com:443 CLOSE
12:03:04 #8 api.github.com:443 CLOSE
12:03:04 #4 api.github.com:443 CLOSE
12:03:04 #7 api.github.com:443 CLOSE
12:03:04 #3 api.github.com:443 CLOSE
12:03:04 #9 api.github.com:443 TUNNEL
12:03:05 #9 api.github.com:443 CLOSE
--- wake queue:
(empty)
=== end scenario: s4-single-502-retried-heals

=== scenario: s5-502-then-budget-cut-retry
=== when: 2026-10-07T16:03:05Z
=== product: /home/matt/.no-mistakes/worktrees/62c0a9471fe0/01M4BFZH3G7J8QYS8V515S9SC1/bin/fm-contributions.sh
=== proxy rules: 1:fail 2:delay:25
=== budget: 20s, polls: 1

$ before:
delivery: {"checked_at":"2026-01-01T00:00:00Z","error":null,"fresh_head":"e032f755e72ef9771458ae0064ef215900062c3a","state":"open"}
$ proxy on 127.0.0.1:18965
$ poll 1/1 rc=0 elapsed=10s
--- poll 1 stdout/stderr (verbatim):
--- records after poll 1:
delivery: {"checked_at":"2026-01-01T00:00:00Z","error":null,"fresh_head":"e032f755e72ef9771458ae0064ef215900062c3a","state":"open"}
--- forge connection log (proxy-18965.log):
12:03:05 proxy listening on 127.0.0.1:18965
12:03:05 #1 api.github.com:443 FAIL (CONNECT 502)
12:03:05 #2 api.github.com:443 DELAY 25s begin
--- wake queue:
(empty)
=== end scenario: s5-502-then-budget-cut-retry

=== scenario: s6-persistent-502-two-polls
=== when: 2026-10-07T16:03:15Z
=== product: /home/matt/.no-mistakes/worktrees/62c0a9471fe0/01M4BFZH3G7J8QYS8V515S9SC1/bin/fm-contributions.sh
=== proxy rules: 1:fail 2:fail 3:fail 4:fail
=== budget: 20s, polls: 2

$ before:
delivery: {"checked_at":"2026-01-01T00:00:00Z","error":null,"fresh_head":"e032f755e72ef9771458ae0064ef215900062c3a","state":"open"}
$ proxy on 127.0.0.1:18966
$ poll 1/2 rc=0 elapsed=0s
--- poll 1 stdout/stderr (verbatim):
contributions: observation unavailable for https://github.com/kunchenguid/firstmate/pull/6780
--- records after poll 1:
delivery: {"checked_at":"2026-07-15T12:00:00Z","error":"forge observation unavailable or changed during read: Get \"https://api.github.com/repos/kunchenguid/firstmate/pulls/6780\": Bad Gateway","fresh_head":"e032f755e72ef9771458ae0064ef215900062c3a","state":"open"}
$ poll 2/2 rc=0 elapsed=0s
--- poll 2 stdout/stderr (verbatim):
--- records after poll 2:
delivery: {"checked_at":"2026-07-15T12:00:00Z","error":"forge observation unavailable or changed during read: Get \"https://api.github.com/repos/kunchenguid/firstmate/pulls/6780\": Bad Gateway","fresh_head":"e032f755e72ef9771458ae0064ef215900062c3a","state":"open"}
--- forge connection log (proxy-18966.log):
12:03:15 proxy listening on 127.0.0.1:18966
12:03:15 #1 api.github.com:443 FAIL (CONNECT 502)
12:03:15 #2 api.github.com:443 FAIL (CONNECT 502)
12:03:15 #3 api.github.com:443 FAIL (CONNECT 502)
12:03:15 #4 api.github.com:443 FAIL (CONNECT 502)
--- wake queue:
(empty)
=== end scenario: s6-persistent-502-two-polls

=== scenario: s7-shared-url-transient
=== when: 2026-10-07T16:03:15Z
=== product: /home/matt/.no-mistakes/worktrees/62c0a9471fe0/01M4BFZH3G7J8QYS8V515S9SC1/bin/fm-contributions.sh
=== proxy rules: 1:fail
=== budget: 20s, polls: 1

$ before:
delivery: {"checked_at":"2026-01-01T00:00:00Z","error":null,"fresh_head":"e032f755e72ef9771458ae0064ef215900062c3a","state":"open"}
duplicate: {"checked_at":"2026-01-01T00:00:00Z","error":null,"fresh_head":"e032f755e72ef9771458ae0064ef215900062c3a","state":"open"}
$ proxy on 127.0.0.1:18967
$ poll 1/1 rc=0 elapsed=2s
--- poll 1 stdout/stderr (verbatim):
--- records after poll 1:
delivery: {"checked_at":"2026-07-15T12:00:00Z","error":null,"fresh_head":"e032f755e72ef9771458ae0064ef215900062c3a","state":"open"}
duplicate: {"checked_at":"2026-07-15T12:00:00Z","error":null,"fresh_head":"e032f755e72ef9771458ae0064ef215900062c3a","state":"open"}
--- forge connection log (proxy-18967.log):
12:03:15 proxy listening on 127.0.0.1:18967
12:03:16 #1 api.github.com:443 FAIL (CONNECT 502)
12:03:16 #2 api.github.com:443 TUNNEL
12:03:17 #2 api.github.com:443 CLOSE
12:03:17 #5 api.github.com:443 TUNNEL
12:03:17 #4 api.github.com:443 TUNNEL
12:03:17 #7 api.github.com:443 TUNNEL
12:03:17 #6 api.github.com:443 TUNNEL
12:03:17 #8 api.github.com:443 TUNNEL
12:03:17 #3 api.github.com:443 TUNNEL
12:03:17 #4 api.github.com:443 CLOSE
12:03:17 #8 api.github.com:443 CLOSE
12:03:17 #7 api.github.com:443 CLOSE
12:03:17 #3 api.github.com:443 CLOSE
12:03:17 #6 api.github.com:443 CLOSE
12:03:17 #5 api.github.com:443 CLOSE
12:03:17 #9 api.github.com:443 TUNNEL
12:03:18 #9 api.github.com:443 CLOSE
--- wake queue:
(empty)
=== end scenario: s7-shared-url-transient

=== scenario: s8-cross-url-detail-github-first
=== when: 2026-10-07T16:03:18Z
=== product: /home/matt/.no-mistakes/worktrees/62c0a9471fe0/01M4BFZH3G7J8QYS8V515S9SC1/bin/fm-contributions.sh
=== proxy rules: 1:fail 2:fail
=== budget: 20s, polls: 1

$ before:
delivery: {"checked_at":"2026-01-01T00:00:00Z","error":null,"fresh_head":"e032f755e72ef9771458ae0064ef215900062c3a","state":"open"}
gitlab: {"checked_at":"2026-01-01T00:00:00Z","error":null,"fresh_head":"e032f755e72ef9771458ae0064ef215900062c3a","state":"open"}
$ proxy on 127.0.0.1:18968
$ poll 1/1 rc=0 elapsed=0s
--- poll 1 stdout/stderr (verbatim):
contributions: observation unavailable for https://github.com/kunchenguid/firstmate/pull/6780
contributions: observation unavailable for https://gitlab.com/foo/bar/-/merge_requests/1
--- records after poll 1:
delivery: {"checked_at":"2026-07-15T12:00:00Z","error":"forge observation unavailable or changed during read: Get \"https://api.github.com/repos/kunchenguid/firstmate/pulls/6780\": Bad Gateway","fresh_head":"e032f755e72ef9771458ae0064ef215900062c3a","state":"open"}
gitlab: {"checked_at":"2026-07-15T12:00:00Z","error":"forge observation unavailable or changed during read","fresh_head":"e032f755e72ef9771458ae0064ef215900062c3a","state":"open"}
--- forge connection log (proxy-18968.log):
12:03:18 proxy listening on 127.0.0.1:18968
12:03:18 #1 api.github.com:443 FAIL (CONNECT 502)
12:03:18 #2 api.github.com:443 FAIL (CONNECT 502)
--- wake queue:
(empty)
=== end scenario: s8-cross-url-detail-github-first

=== scenario: s8b-cross-url-detail-gitlab-first
=== when: 2026-10-07T16:03:18Z
=== product: /home/matt/.no-mistakes/worktrees/62c0a9471fe0/01M4BFZH3G7J8QYS8V515S9SC1/bin/fm-contributions.sh
=== proxy rules: 1:fail 2:fail
=== budget: 20s, polls: 1

$ before:
delivery: {"checked_at":"2026-01-01T00:00:00Z","error":null,"fresh_head":"e032f755e72ef9771458ae0064ef215900062c3a","state":"open"}
gitlab: {"checked_at":"2026-01-01T00:00:00Z","error":null,"fresh_head":"e032f755e72ef9771458ae0064ef215900062c3a","state":"open"}
$ proxy on 127.0.0.1:18969
$ poll 1/1 rc=0 elapsed=0s
--- poll 1 stdout/stderr (verbatim):
contributions: observation unavailable for https://gitlab.com/foo/bar/-/merge_requests/1
contributions: observation unavailable for https://github.com/kunchenguid/firstmate/pull/6780
--- records after poll 1:
delivery: {"checked_at":"2026-07-15T12:05:00Z","error":"forge observation unavailable or changed during read: Get \"https://api.github.com/repos/kunchenguid/firstmate/pulls/6780\": Bad Gateway","fresh_head":"e032f755e72ef9771458ae0064ef215900062c3a","state":"open"}
gitlab: {"checked_at":"2026-07-15T12:05:00Z","error":"forge observation unavailable or changed during read","fresh_head":"e032f755e72ef9771458ae0064ef215900062c3a","state":"open"}
--- forge connection log (proxy-18969.log):
12:03:18 proxy listening on 127.0.0.1:18969
12:03:18 #1 api.github.com:443 FAIL (CONNECT 502)
12:03:18 #2 api.github.com:443 FAIL (CONNECT 502)
--- wake queue:
(empty)
=== end scenario: s8b-cross-url-detail-gitlab-first

=== scenario: s8-base-cross-url-detail
=== when: 2026-10-07T16:03:18Z
=== product: /tmp/fm-lab.Acj4UM/base/bin/fm-contributions.sh
=== proxy rules: 1:fail 2:fail
=== budget: 20s, polls: 1

$ before:
delivery: {"checked_at":"2026-01-01T00:00:00Z","error":null,"fresh_head":"e032f755e72ef9771458ae0064ef215900062c3a","state":"open"}
gitlab: {"checked_at":"2026-01-01T00:00:00Z","error":null,"fresh_head":"e032f755e72ef9771458ae0064ef215900062c3a","state":"open"}
$ proxy on 127.0.0.1:18970
$ poll 1/1 rc=0 elapsed=0s
--- poll 1 stdout/stderr (verbatim):
contributions: observation unavailable for https://github.com/kunchenguid/firstmate/pull/6780
contributions: observation unavailable for https://gitlab.com/foo/bar/-/merge_requests/1
--- records after poll 1:
delivery: {"checked_at":"2026-07-15T12:00:00Z","error":"forge observation unavailable or changed during read","fresh_head":"e032f755e72ef9771458ae0064ef215900062c3a","state":"open"}
gitlab: {"checked_at":"2026-07-15T12:00:00Z","error":"forge observation unavailable or changed during read","fresh_head":"e032f755e72ef9771458ae0064ef215900062c3a","state":"open"}
--- forge connection log (proxy-18970.log):
12:03:18 proxy listening on 127.0.0.1:18970
12:03:19 #1 api.github.com:443 FAIL (CONNECT 502)
--- wake queue:
(empty)
=== end scenario: s8-base-cross-url-detail

harness complete; lab removed
