=== scenario: s1-healthy-no-proxy
=== when: 2026-10-07T16:16:33Z
=== product: /home/matt/.no-mistakes/worktrees/62c0a9471fe0/01M4BFZH3G7J8QYS8V515S9SC1/bin/fm-contributions.sh
=== proxy rules: <none>
=== budget: 20s, polls: 1

$ before:
delivery: {"checked_at":"2026-01-01T00:00:00Z","error":null,"fresh_head":"e032f755e72ef9771458ae0064ef215900062c3a","state":"open"}
$ poll 1/1 rc=0 elapsed=2s
--- poll 1 stdout/stderr (verbatim):
--- records after poll 1:
delivery: {"checked_at":"2026-07-15T12:00:00Z","error":null,"fresh_head":"e032f755e72ef9771458ae0064ef215900062c3a","state":"open"}
--- wake queue:
(empty)
=== end scenario: s1-healthy-no-proxy

=== scenario: s1b-healthy-passthrough
=== when: 2026-10-07T16:16:35Z
=== product: /home/matt/.no-mistakes/worktrees/62c0a9471fe0/01M4BFZH3G7J8QYS8V515S9SC1/bin/fm-contributions.sh
=== proxy rules: 1:delay:0
=== budget: 20s, polls: 1

$ before:
delivery: {"checked_at":"2026-01-01T00:00:00Z","error":null,"fresh_head":"e032f755e72ef9771458ae0064ef215900062c3a","state":"open"}
$ proxy on 127.0.0.1:19001
$ poll 1/1 rc=0 elapsed=2s
--- poll 1 stdout/stderr (verbatim):
--- records after poll 1:
delivery: {"checked_at":"2026-07-15T12:00:00Z","error":null,"fresh_head":"e032f755e72ef9771458ae0064ef215900062c3a","state":"open"}
--- forge connection log (proxy-19001.log):
12:16:35 proxy listening on 127.0.0.1:19001
12:16:35 #1 api.github.com:443 DELAY 0s begin
12:16:35 #1 api.github.com:443 DELAY 0s end
12:16:35 #1 api.github.com:443 TUNNEL
12:16:36 #1 api.github.com:443 CLOSE
12:16:36 #3 api.github.com:443 TUNNEL
12:16:36 #2 api.github.com:443 TUNNEL
12:16:36 #7 api.github.com:443 TUNNEL
12:16:36 #4 api.github.com:443 TUNNEL
12:16:36 #5 api.github.com:443 TUNNEL
12:16:36 #6 api.github.com:443 TUNNEL
12:16:36 #4 api.github.com:443 CLOSE
12:16:36 #7 api.github.com:443 CLOSE
12:16:36 #3 api.github.com:443 CLOSE
12:16:36 #5 api.github.com:443 CLOSE
12:16:36 #6 api.github.com:443 CLOSE
12:16:36 #2 api.github.com:443 CLOSE
12:16:36 #8 api.github.com:443 TUNNEL
12:16:37 #8 api.github.com:443 CLOSE
--- wake queue:
(empty)
=== end scenario: s1b-healthy-passthrough

=== scenario: s2-spike-7s-core
=== when: 2026-10-07T16:16:37Z
=== product: /home/matt/.no-mistakes/worktrees/62c0a9471fe0/01M4BFZH3G7J8QYS8V515S9SC1/bin/fm-contributions.sh
=== proxy rules: 1:delay:7
=== budget: 20s, polls: 1

$ before:
delivery: {"checked_at":"2026-01-01T00:00:00Z","error":null,"fresh_head":"e032f755e72ef9771458ae0064ef215900062c3a","state":"open"}
$ proxy on 127.0.0.1:19002
$ poll 1/1 rc=0 elapsed=9s
--- poll 1 stdout/stderr (verbatim):
--- records after poll 1:
delivery: {"checked_at":"2026-07-15T12:00:00Z","error":null,"fresh_head":"e032f755e72ef9771458ae0064ef215900062c3a","state":"open"}
--- forge connection log (proxy-19002.log):
12:16:37 proxy listening on 127.0.0.1:19002
12:16:37 #1 api.github.com:443 DELAY 7s begin
12:16:44 #1 api.github.com:443 DELAY 7s end
12:16:44 #1 api.github.com:443 TUNNEL
12:16:45 #1 api.github.com:443 CLOSE
12:16:45 #6 api.github.com:443 TUNNEL
12:16:45 #5 api.github.com:443 TUNNEL
12:16:45 #4 api.github.com:443 TUNNEL
12:16:45 #2 api.github.com:443 TUNNEL
12:16:45 #7 api.github.com:443 TUNNEL
12:16:45 #3 api.github.com:443 TUNNEL
12:16:45 #6 api.github.com:443 CLOSE
12:16:45 #5 api.github.com:443 CLOSE
12:16:45 #4 api.github.com:443 CLOSE
12:16:45 #2 api.github.com:443 CLOSE
12:16:45 #7 api.github.com:443 CLOSE
12:16:45 #3 api.github.com:443 CLOSE
12:16:45 #8 api.github.com:443 TUNNEL
12:16:46 #8 api.github.com:443 CLOSE
--- wake queue:
(empty)
=== end scenario: s2-spike-7s-core

=== scenario: s2-base-spike-7s-core
=== when: 2026-10-07T16:16:46Z
=== product: /tmp/fm-lab.WH6E30/base/bin/fm-contributions.sh
=== proxy rules: 1:delay:7
=== budget: 20s, polls: 1

$ before:
delivery: {"checked_at":"2026-01-01T00:00:00Z","error":null,"fresh_head":"e032f755e72ef9771458ae0064ef215900062c3a","state":"open"}
$ proxy on 127.0.0.1:19003
$ poll 1/1 rc=0 elapsed=5s
--- poll 1 stdout/stderr (verbatim):
--- records after poll 1:
delivery: {"checked_at":"2026-01-01T00:00:00Z","error":null,"fresh_head":"e032f755e72ef9771458ae0064ef215900062c3a","state":"open"}
--- forge connection log (proxy-19003.log):
12:16:46 proxy listening on 127.0.0.1:19003
12:16:46 #1 api.github.com:443 DELAY 7s begin
--- wake queue:
(empty)
=== end scenario: s2-base-spike-7s-core

=== scenario: s3-beyond-10s-bound
=== when: 2026-10-07T16:16:51Z
=== product: /home/matt/.no-mistakes/worktrees/62c0a9471fe0/01M4BFZH3G7J8QYS8V515S9SC1/bin/fm-contributions.sh
=== proxy rules: 1:delay:14
=== budget: 20s, polls: 1

$ before:
delivery: {"checked_at":"2026-01-01T00:00:00Z","error":null,"fresh_head":"e032f755e72ef9771458ae0064ef215900062c3a","state":"open"}
$ proxy on 127.0.0.1:19004
$ poll 1/1 rc=0 elapsed=10s
--- poll 1 stdout/stderr (verbatim):
--- records after poll 1:
delivery: {"checked_at":"2026-01-01T00:00:00Z","error":null,"fresh_head":"e032f755e72ef9771458ae0064ef215900062c3a","state":"open"}
--- forge connection log (proxy-19004.log):
12:16:51 proxy listening on 127.0.0.1:19004
12:16:51 #1 api.github.com:443 DELAY 14s begin
--- wake queue:
(empty)
=== end scenario: s3-beyond-10s-bound

=== scenario: s4-single-502-retried-heals
=== when: 2026-10-07T16:17:02Z
=== product: /home/matt/.no-mistakes/worktrees/62c0a9471fe0/01M4BFZH3G7J8QYS8V515S9SC1/bin/fm-contributions.sh
=== proxy rules: 1:fail
=== budget: 20s, polls: 1

$ before:
delivery: {"checked_at":"2026-01-01T00:00:00Z","error":null,"fresh_head":"e032f755e72ef9771458ae0064ef215900062c3a","state":"open"}
$ proxy on 127.0.0.1:19005
$ poll 1/1 rc=0 elapsed=2s
--- poll 1 stdout/stderr (verbatim):
--- records after poll 1:
delivery: {"checked_at":"2026-07-15T12:00:00Z","error":null,"fresh_head":"e032f755e72ef9771458ae0064ef215900062c3a","state":"open"}
--- forge connection log (proxy-19005.log):
12:17:02 proxy listening on 127.0.0.1:19005
12:17:02 #1 api.github.com:443 FAIL (CONNECT 502)
12:17:02 #2 api.github.com:443 TUNNEL
12:17:03 #2 api.github.com:443 CLOSE
12:17:03 #6 api.github.com:443 TUNNEL
12:17:03 #8 api.github.com:443 TUNNEL
12:17:03 #3 api.github.com:443 TUNNEL
12:17:03 #4 api.github.com:443 TUNNEL
12:17:03 #5 api.github.com:443 TUNNEL
12:17:03 #7 api.github.com:443 TUNNEL
12:17:03 #6 api.github.com:443 CLOSE
12:17:03 #3 api.github.com:443 CLOSE
12:17:03 #7 api.github.com:443 CLOSE
12:17:03 #8 api.github.com:443 CLOSE
12:17:03 #5 api.github.com:443 CLOSE
12:17:03 #4 api.github.com:443 CLOSE
12:17:03 #9 api.github.com:443 TUNNEL
12:17:04 #9 api.github.com:443 CLOSE
--- wake queue:
(empty)
=== end scenario: s4-single-502-retried-heals

=== scenario: s4-base-single-502-wakes
=== when: 2026-10-07T16:17:04Z
=== product: /tmp/fm-lab.WH6E30/base/bin/fm-contributions.sh
=== proxy rules: 1:fail
=== budget: 20s, polls: 1

$ before:
delivery: {"checked_at":"2026-01-01T00:00:00Z","error":null,"fresh_head":"e032f755e72ef9771458ae0064ef215900062c3a","state":"open"}
$ proxy on 127.0.0.1:19006
$ poll 1/1 rc=0 elapsed=0s
--- poll 1 stdout/stderr (verbatim):
contributions: observation unavailable for https://github.com/kunchenguid/firstmate/pull/6780
--- records after poll 1:
delivery: {"checked_at":"2026-07-15T12:00:00Z","error":"forge observation unavailable or changed during read","fresh_head":"e032f755e72ef9771458ae0064ef215900062c3a","state":"open"}
--- forge connection log (proxy-19006.log):
12:17:04 proxy listening on 127.0.0.1:19006
12:17:04 #1 api.github.com:443 FAIL (CONNECT 502)
--- wake queue:
(empty)
=== end scenario: s4-base-single-502-wakes

=== scenario: s5-retry-budget-cut
=== when: 2026-10-07T16:17:04Z
=== product: /home/matt/.no-mistakes/worktrees/62c0a9471fe0/01M4BFZH3G7J8QYS8V515S9SC1/bin/fm-contributions.sh
=== proxy rules: 1:fail 2:delay:25
=== budget: 20s, polls: 1

$ before:
delivery: {"checked_at":"2026-01-01T00:00:00Z","error":null,"fresh_head":"e032f755e72ef9771458ae0064ef215900062c3a","state":"open"}
$ proxy on 127.0.0.1:19007
$ poll 1/1 rc=0 elapsed=10s
--- poll 1 stdout/stderr (verbatim):
--- records after poll 1:
delivery: {"checked_at":"2026-01-01T00:00:00Z","error":null,"fresh_head":"e032f755e72ef9771458ae0064ef215900062c3a","state":"open"}
--- forge connection log (proxy-19007.log):
12:17:04 proxy listening on 127.0.0.1:19007
12:17:04 #1 api.github.com:443 FAIL (CONNECT 502)
12:17:04 #2 api.github.com:443 DELAY 25s begin
--- wake queue:
(empty)
=== end scenario: s5-retry-budget-cut

=== scenario: s6-persistent-502-two-polls
=== when: 2026-10-07T16:17:14Z
=== product: /home/matt/.no-mistakes/worktrees/62c0a9471fe0/01M4BFZH3G7J8QYS8V515S9SC1/bin/fm-contributions.sh
=== proxy rules: 1:fail 2:fail 3:fail 4:fail
=== budget: 20s, polls: 2

$ before:
delivery: {"checked_at":"2026-01-01T00:00:00Z","error":null,"fresh_head":"e032f755e72ef9771458ae0064ef215900062c3a","state":"open"}
$ proxy on 127.0.0.1:19008
$ poll 1/2 rc=0 elapsed=0s
--- poll 1 stdout/stderr (verbatim):
contributions: observation unavailable for https://github.com/kunchenguid/firstmate/pull/6780
--- records after poll 1:
delivery: {"checked_at":"2026-07-15T12:00:00Z","error":"forge observation unavailable or changed during read: Get \"https://api.github.com/repos/kunchenguid/firstmate/pulls/6780\": Bad Gateway","fresh_head":"e032f755e72ef9771458ae0064ef215900062c3a","state":"open"}
$ poll 2/2 rc=0 elapsed=1s
--- poll 2 stdout/stderr (verbatim):
--- records after poll 2:
delivery: {"checked_at":"2026-07-15T12:00:00Z","error":"forge observation unavailable or changed during read: Get \"https://api.github.com/repos/kunchenguid/firstmate/pulls/6780\": Bad Gateway","fresh_head":"e032f755e72ef9771458ae0064ef215900062c3a","state":"open"}
--- forge connection log (proxy-19008.log):
12:17:14 proxy listening on 127.0.0.1:19008
12:17:14 #1 api.github.com:443 FAIL (CONNECT 502)
12:17:14 #2 api.github.com:443 FAIL (CONNECT 502)
12:17:15 #3 api.github.com:443 FAIL (CONNECT 502)
12:17:15 #4 api.github.com:443 FAIL (CONNECT 502)
--- wake queue:
(empty)
=== end scenario: s6-persistent-502-two-polls

=== scenario: s7-shared-url-transient
=== when: 2026-10-07T16:17:15Z
=== product: /home/matt/.no-mistakes/worktrees/62c0a9471fe0/01M4BFZH3G7J8QYS8V515S9SC1/bin/fm-contributions.sh
=== proxy rules: 1:fail
=== budget: 20s, polls: 1

$ before:
delivery: {"checked_at":"2026-01-01T00:00:00Z","error":null,"fresh_head":"e032f755e72ef9771458ae0064ef215900062c3a","state":"open"}
duplicate: {"checked_at":"2026-01-01T00:00:00Z","error":null,"fresh_head":"e032f755e72ef9771458ae0064ef215900062c3a","state":"open"}
$ proxy on 127.0.0.1:19009
$ poll 1/1 rc=0 elapsed=2s
--- poll 1 stdout/stderr (verbatim):
--- records after poll 1:
delivery: {"checked_at":"2026-07-15T12:00:00Z","error":null,"fresh_head":"e032f755e72ef9771458ae0064ef215900062c3a","state":"open"}
duplicate: {"checked_at":"2026-07-15T12:00:00Z","error":null,"fresh_head":"e032f755e72ef9771458ae0064ef215900062c3a","state":"open"}
--- forge connection log (proxy-19009.log):
12:17:15 proxy listening on 127.0.0.1:19009
12:17:15 #1 api.github.com:443 FAIL (CONNECT 502)
12:17:15 #2 api.github.com:443 TUNNEL
12:17:16 #2 api.github.com:443 CLOSE
12:17:16 #6 api.github.com:443 TUNNEL
12:17:16 #4 api.github.com:443 TUNNEL
12:17:16 #7 api.github.com:443 TUNNEL
12:17:16 #5 api.github.com:443 TUNNEL
12:17:16 #8 api.github.com:443 TUNNEL
12:17:16 #3 api.github.com:443 TUNNEL
12:17:16 #4 api.github.com:443 CLOSE
12:17:16 #5 api.github.com:443 CLOSE
12:17:16 #6 api.github.com:443 CLOSE
12:17:16 #3 api.github.com:443 CLOSE
12:17:16 #7 api.github.com:443 CLOSE
12:17:16 #8 api.github.com:443 CLOSE
12:17:16 #9 api.github.com:443 TUNNEL
12:17:17 #9 api.github.com:443 CLOSE
--- wake queue:
(empty)
=== end scenario: s7-shared-url-transient

=== scenario: s8-cross-url-detail-github-first
=== when: 2026-10-07T16:17:17Z
=== product: /home/matt/.no-mistakes/worktrees/62c0a9471fe0/01M4BFZH3G7J8QYS8V515S9SC1/bin/fm-contributions.sh
=== proxy rules: 1:fail 2:fail
=== budget: 20s, polls: 1

$ before:
delivery: {"checked_at":"2026-01-01T00:00:00Z","error":null,"fresh_head":"e032f755e72ef9771458ae0064ef215900062c3a","state":"open"}
gitlab: {"checked_at":"2026-01-01T00:00:00Z","error":null,"fresh_head":"e032f755e72ef9771458ae0064ef215900062c3a","state":"open"}
$ proxy on 127.0.0.1:19010
$ poll 1/1 rc=0 elapsed=0s
--- poll 1 stdout/stderr (verbatim):
contributions: observation unavailable for https://github.com/kunchenguid/firstmate/pull/6780
contributions: observation unavailable for https://gitlab.com/foo/bar/-/merge_requests/1
--- records after poll 1:
delivery: {"checked_at":"2026-07-15T12:00:00Z","error":"forge observation unavailable or changed during read: Get \"https://api.github.com/repos/kunchenguid/firstmate/pulls/6780\": Bad Gateway","fresh_head":"e032f755e72ef9771458ae0064ef215900062c3a","state":"open"}
gitlab: {"checked_at":"2026-07-15T12:00:00Z","error":"forge observation unavailable or changed during read","fresh_head":"e032f755e72ef9771458ae0064ef215900062c3a","state":"open"}
--- forge connection log (proxy-19010.log):
12:17:17 proxy listening on 127.0.0.1:19010
12:17:17 #1 api.github.com:443 FAIL (CONNECT 502)
12:17:17 #2 api.github.com:443 FAIL (CONNECT 502)
--- wake queue:
(empty)
=== end scenario: s8-cross-url-detail-github-first

=== scenario: s8b-cross-url-detail-gitlab-first
=== when: 2026-10-07T16:17:17Z
=== product: /home/matt/.no-mistakes/worktrees/62c0a9471fe0/01M4BFZH3G7J8QYS8V515S9SC1/bin/fm-contributions.sh
=== proxy rules: 1:fail 2:fail
=== budget: 20s, polls: 1

$ before:
delivery: {"checked_at":"2026-01-01T00:00:00Z","error":null,"fresh_head":"e032f755e72ef9771458ae0064ef215900062c3a","state":"open"}
gitlab: {"checked_at":"2026-01-01T00:00:00Z","error":null,"fresh_head":"e032f755e72ef9771458ae0064ef215900062c3a","state":"open"}
$ proxy on 127.0.0.1:19011
$ poll 1/1 rc=0 elapsed=0s
--- poll 1 stdout/stderr (verbatim):
contributions: observation unavailable for https://gitlab.com/foo/bar/-/merge_requests/1
contributions: observation unavailable for https://github.com/kunchenguid/firstmate/pull/6780
--- records after poll 1:
delivery: {"checked_at":"2026-07-15T12:05:00Z","error":"forge observation unavailable or changed during read: Get \"https://api.github.com/repos/kunchenguid/firstmate/pulls/6780\": Bad Gateway","fresh_head":"e032f755e72ef9771458ae0064ef215900062c3a","state":"open"}
gitlab: {"checked_at":"2026-07-15T12:05:00Z","error":"forge observation unavailable or changed during read","fresh_head":"e032f755e72ef9771458ae0064ef215900062c3a","state":"open"}
--- forge connection log (proxy-19011.log):
12:17:17 proxy listening on 127.0.0.1:19011
12:17:18 #1 api.github.com:443 FAIL (CONNECT 502)
12:17:18 #2 api.github.com:443 FAIL (CONNECT 502)
--- wake queue:
(empty)
=== end scenario: s8b-cross-url-detail-gitlab-first

=== scenario: s8b-prefix-rotated-aborts
=== when: 2026-10-07T16:17:18Z
=== product: /tmp/fm-lab.WH6E30/prefix/bin/fm-contributions.sh
=== proxy rules: 1:fail 2:fail
=== budget: 20s, polls: 1

$ before:
delivery: {"checked_at":"2026-01-01T00:00:00Z","error":null,"fresh_head":"e032f755e72ef9771458ae0064ef215900062c3a","state":"open"}
gitlab: {"checked_at":"2026-01-01T00:00:00Z","error":null,"fresh_head":"e032f755e72ef9771458ae0064ef215900062c3a","state":"open"}
$ proxy on 127.0.0.1:19012
$ poll 1/1 rc=1 elapsed=0s
--- poll 1 stdout/stderr (verbatim):
/tmp/fm-lab.WH6E30/prefix/bin/fm-contributions.sh: line 416: BUDGET_EXHAUSTED: unbound variable
--- records after poll 1:
delivery: {"checked_at":"2026-01-01T00:00:00Z","error":null,"fresh_head":"e032f755e72ef9771458ae0064ef215900062c3a","state":"open"}
gitlab: {"checked_at":"2026-01-01T00:00:00Z","error":null,"fresh_head":"e032f755e72ef9771458ae0064ef215900062c3a","state":"open"}
--- forge connection log (proxy-19012.log):
12:17:18 proxy listening on 127.0.0.1:19012
--- wake queue:
(empty)
=== end scenario: s8b-prefix-rotated-aborts

harness complete; lab removed
